// Jest Snapshot v1, https://goo.gl/fbAQLP

exports[`Intro renders correctly: when authenticated 1`] = `
<WithStyles(ForwardRef(Grid))
  className="makeStyles-wave_pattern-1"
  container={true}
  id="intro"
  item={true}
  justify="center"
  style={
    Object {
      "minHeight": "50vh",
      "paddingTop": "10vh",
    }
  }
>
  <WithStyles(ForwardRef(Grid))
    container={true}
    item={true}
    justify="center"
    spacing={5}
  >
    <WithStyles(ForwardRef(Grid))
      alignItems="center"
      container={true}
      item={true}
      justify="center"
      xs={4}
    >
      <WithStyles(ForwardRef(Grid))
        item={true}
      >
        <Styled(MuiBox)
          maxWidth="sm"
        >
          <img
            className="makeStyles-logo_1-6"
            src="logo_black.svg"
          />
        </Styled(MuiBox)>
        <WithStyles(ForwardRef(Typography))
          variant="h1"
        >
          CompE+
        </WithStyles(ForwardRef(Typography))>
        <WithStyles(ForwardRef(Typography))
          variant="h3"
        >
          Resume Review, Mock Interviews, Community
        </WithStyles(ForwardRef(Typography))>
      </WithStyles(ForwardRef(Grid))>
    </WithStyles(ForwardRef(Grid))>
    <WithStyles(ForwardRef(Grid))
      alignItems="center"
      container={true}
      item={true}
      justify="center"
      xs={5}
    >
      <img
        className="makeStyles-svg-2"
        src="pair_programming.svg"
      />
    </WithStyles(ForwardRef(Grid))>
  </WithStyles(ForwardRef(Grid))>
  <WithStyles(ForwardRef(Grid))
    alignItems="center"
    container={true}
    item={true}
    justify="center"
    spacing={5}
    style={
      Object {
        "paddingTop": "5vh",
      }
    }
  >
    <WithStyles(ForwardRef(Grid))
      alignItems="center"
      container={true}
      item={true}
      justify="center"
      spacing={4}
    >
      <WithStyles(ForwardRef(Grid))
        item={true}
      >
        <WithStyles(ForwardRef(Button))
          className="makeStyles-main_button-14"
          onClick={[Function]}
          size="large"
          variant="contained"
        >
          Get Started!
        </WithStyles(ForwardRef(Button))>
      </WithStyles(ForwardRef(Grid))>
      <WithStyles(ForwardRef(Grid))
        item={true}
      >
        <WithStyles(ForwardRef(Button))
          className="makeStyles-secondary_button-15"
          onClick={[Function]}
          size="large"
          variant="outlined"
        >
          Learn More
        </WithStyles(ForwardRef(Button))>
      </WithStyles(ForwardRef(Grid))>
    </WithStyles(ForwardRef(Grid))>
    <WithStyles(ForwardRef(Grid))
      alignItems="center"
      container={true}
      item={true}
      justify="center"
    >
      <WithStyles(ForwardRef(Grid))
        item={true}
      >
        <WithStyles(ForwardRef(Typography))
          style={
            Object {
              "fontSize": 28,
            }
          }
          variant="h3"
        >
          Get the help you need to land your dream internship!
        </WithStyles(ForwardRef(Typography))>
      </WithStyles(ForwardRef(Grid))>
    </WithStyles(ForwardRef(Grid))>
  </WithStyles(ForwardRef(Grid))>
</WithStyles(ForwardRef(Grid))>
`;

exports[`Intro renders correctly: when unauthenticated 1`] = `
<WithStyles(ForwardRef(Grid))
  className="makeStyles-wave_pattern-1"
  container={true}
  id="intro"
  item={true}
  justify="center"
  style={
    Object {
      "minHeight": "50vh",
      "paddingTop": "10vh",
    }
  }
>
  <WithStyles(ForwardRef(Grid))
    container={true}
    item={true}
    justify="center"
    spacing={5}
  >
    <WithStyles(ForwardRef(Grid))
      alignItems="center"
      container={true}
      item={true}
      justify="center"
      xs={4}
    >
      <WithStyles(ForwardRef(Grid))
        item={true}
      >
        <Styled(MuiBox)
          maxWidth="sm"
        >
          <img
            className="makeStyles-logo_1-6"
            src="logo_black.svg"
          />
        </Styled(MuiBox)>
        <WithStyles(ForwardRef(Typography))
          variant="h1"
        >
          CompE+
        </WithStyles(ForwardRef(Typography))>
        <WithStyles(ForwardRef(Typography))
          variant="h3"
        >
          Resume Review, Mock Interviews, Community
        </WithStyles(ForwardRef(Typography))>
      </WithStyles(ForwardRef(Grid))>
    </WithStyles(ForwardRef(Grid))>
    <WithStyles(ForwardRef(Grid))
      alignItems="center"
      container={true}
      item={true}
      justify="center"
      xs={5}
    >
      <img
        className="makeStyles-svg-2"
        src="pair_programming.svg"
      />
    </WithStyles(ForwardRef(Grid))>
  </WithStyles(ForwardRef(Grid))>
  <WithStyles(ForwardRef(Grid))
    alignItems="center"
    container={true}
    item={true}
    justify="center"
    spacing={5}
    style={
      Object {
        "paddingTop": "5vh",
      }
    }
  >
    <WithStyles(ForwardRef(Grid))
      alignItems="center"
      container={true}
      item={true}
      justify="center"
      spacing={4}
    >
      <WithStyles(ForwardRef(Grid))
        item={true}
      >
        <WithStyles(ForwardRef(Button))
          className="makeStyles-main_button-14"
          onClick={[Function]}
          size="large"
          variant="contained"
        >
          Get Started!
        </WithStyles(ForwardRef(Button))>
      </WithStyles(ForwardRef(Grid))>
      <WithStyles(ForwardRef(Grid))
        item={true}
      >
        <WithStyles(ForwardRef(Button))
          className="makeStyles-secondary_button-15"
          onClick={[Function]}
          size="large"
          variant="outlined"
        >
          Learn More
        </WithStyles(ForwardRef(Button))>
      </WithStyles(ForwardRef(Grid))>
    </WithStyles(ForwardRef(Grid))>
    <WithStyles(ForwardRef(Grid))
      alignItems="center"
      container={true}
      item={true}
      justify="center"
    >
      <WithStyles(ForwardRef(Grid))
        item={true}
      >
        <WithStyles(ForwardRef(Typography))
          style={
            Object {
              "fontSize": 28,
            }
          }
          variant="h3"
        >
          Get the help you need to land your dream internship!
        </WithStyles(ForwardRef(Typography))>
      </WithStyles(ForwardRef(Grid))>
    </WithStyles(ForwardRef(Grid))>
  </WithStyles(ForwardRef(Grid))>
</WithStyles(ForwardRef(Grid))>
`;

exports[`Landing renders correctly 1`] = `
<WithStyles(ForwardRef(Grid))
  container={true}
  direction="row"
  justify="center"
  style={
    Object {
      "overflowX": "hidden",
    }
  }
>
  <Intro />
  <img
    className="makeStyles-wave-3"
    src="wave_1.svg"
  />
  <Services />
  <Info />
  <CallToAction />
  <Values />
  <img
    className="makeStyles-wave-3"
    src="wave_4.svg"
  />
  <Footer />
</WithStyles(ForwardRef(Grid))>
`;
