// Jest Snapshot v1, https://goo.gl/fbAQLP

exports[`StudentResumeReview renders correctly 1`] = `
<div
  style={
    Object {
      "overflow": "hidden",
    }
  }
>
  <WithStyles(ForwardRef(Grid))
    alignItems="center"
    container={true}
    justify="center"
    spacing={8}
    style={
      Object {
        "marginTop": "10px",
        "minHeight": "75vh",
      }
    }
  >
    <WithStyles(ForwardRef(Grid))
      container={true}
      item={true}
      justify="center"
    >
      <WithStyles(ForwardRef(Typography))
        variant="h1"
      >
        Resume Review
      </WithStyles(ForwardRef(Typography))>
    </WithStyles(ForwardRef(Grid))>
    <WithStyles(ForwardRef(Grid))
      container={true}
      item={true}
      spacing={4}
    >
      <WithStyles(ForwardRef(Grid))
        container={true}
        item={true}
        justify="center"
        xs={12}
      >
        <img
          src="add_resume.svg"
        />
      </WithStyles(ForwardRef(Grid))>
      <WithStyles(ForwardRef(Grid))
        container={true}
        item={true}
        justify="center"
        xs={12}
      >
        <WithStyles(ForwardRef(Typography))>
          You have no resumes submitted
        </WithStyles(ForwardRef(Typography))>
      </WithStyles(ForwardRef(Grid))>
      <WithStyles(ForwardRef(Grid))
        container={true}
        item={true}
        justify="center"
        xs={12}
      >
        <WithStyles(ForwardRef(Button))
          color="primary"
          variant="contained"
        >
          Submit resume
        </WithStyles(ForwardRef(Button))>
      </WithStyles(ForwardRef(Grid))>
    </WithStyles(ForwardRef(Grid))>
  </WithStyles(ForwardRef(Grid))>
</div>
`;
